Renesas Optimizing Linker (W3.06.00 )             05-May-2025 15:27:47

*** Options ***

-MAKEUD=DefaultBuild\Sample_Project_RH850_S1_CSIH0_SPI_Master.lk.ud
-subcommand=DefaultBuild\Sample_Project_RH850_S1_CSIH0_SPI_Master.clnk
-input=DefaultBuild\boot.obj
-input=DefaultBuild\cstart.obj
-input=DefaultBuild\Config_OSTM0.obj
-input=DefaultBuild\Config_OSTM0_user.obj
-input=DefaultBuild\Config_PORT.obj
-input=DefaultBuild\Config_PORT_user.obj
-input=DefaultBuild\r_cg_cgc.obj
-input=DefaultBuild\r_cg_cgc_user.obj
-input=DefaultBuild\r_cg_intvector.obj
-input=DefaultBuild\r_cg_main.obj
-input=DefaultBuild\r_cg_systeminit.obj
-input=DefaultBuild\r_smc_interrupt.obj
-input=DefaultBuild\r_smc_intprg.obj
-input=DefaultBuild\Pin.obj
-input=DefaultBuild\custom_func.obj
-input=DefaultBuild\misc_config.obj
-input=DefaultBuild\Config_CSIH0.obj
-input=DefaultBuild\Config_CSIH0_user.obj
-input=DefaultBuild\Config_INTC.obj
-input=DefaultBuild\Config_INTC_user.obj
-input=DefaultBuild\Config_UART0.obj
-input=DefaultBuild\Config_UART0_user.obj
-input=DefaultBuild\retarget.obj
-input=DefaultBuild\Config_TAUJ0_3.obj
-input=DefaultBuild\Config_TAUJ0_3_user.obj
-debug
-nocompress
-NOOPtimize
-output=DefaultBuild\Sample_Project_RH850_S1_CSIH0_SPI_Master.abs
-library=v850e3v5\rhf4n.lib
-library=v850e3v5\libmalloc.lib
-list=DefaultBuild\Sample_Project_RH850_S1_CSIH0_SPI_Master.map
-show=reference,xreference,total_size
-start=RESET/0,EIINTTBL.const/00000200,.const,.INIT_DSEC.const,.INIT_BSEC.const,.text,.data,privateData.const,privateData.data/00008000,.data.R,.bss,.stack.bss,privateData.bss/FEDE8000
-rom=.data=.data.R
-total_size
-nologo
-end

*** Error information ***

*** Mapping List ***

SECTION                            START      END         SIZE   ALIGN
RESET
                                  00000000  000001f7       1f8   200
EIINTTBL.const
                                  00000200  00000797       598   4
.const
                                  00008000  00008185       186   4
.INIT_DSEC.const
                                  00008188  00008193         c   4
.INIT_BSEC.const
                                  00008194  0000819b         8   4
.text
                                  0000819c  0001894b     107b0   2
.data
                                  0001894c  00018a63       118   4
privateData.const
                                  00018a64  00018a64         1   4
privateData.data
                                  00018a68  00018a68         1   4
.data.R
                                  fede8000  fede8117       118   4
.bss
                                  fede8118  fede8147        30   4
.stack.bss
                                  fede8148  fede8347       200   4
privateData.bss
                                  fede8348  fede8348         1   4

*** Total Section Size ***

RAMDATA SECTION:  00000349 Byte(s)
ROMDATA SECTION:  0000084c Byte(s)
PROGRAM SECTION:  000109a8 Byte(s)

*** Symbol List ***

SECTION=
FILE=                               START        END    SIZE
  SYMBOL                            ADDR        SIZE    INFO      COUNTS  OPT

SECTION=RESET
FILE=DefaultBuild\boot.obj
                                  00000000  000001f7       1f8

SECTION=EIINTTBL.const
FILE=DefaultBuild\r_cg_intvector.obj
                                  00000200  00000797       598
  _INT_Vectors
                                  00000200       598   data ,g         0

SECTION=.const
FILE=DefaultBuild\custom_func.obj
                                  00008000  000080ce        cf
FILE=DefaultBuild\misc_config.obj
                                  000080d0  00008161        92
FILE=DefaultBuild\retarget.obj
                                  00008164  00008185        22

SECTION=.INIT_DSEC.const
FILE=DefaultBuild\cstart.obj
                                  00008188  00008193         c

SECTION=.INIT_BSEC.const
FILE=DefaultBuild\cstart.obj
                                  00008194  0000819b         8

SECTION=.text
FILE=DefaultBuild\boot.obj
                                  0000819c  00008235        9a
  _Dummy
                                  0000819c         0   none ,l         d
  _Dummy_EI
                                  0000819e         0   none ,l        14
  __start
                                  000081a0         0   none ,l         1
  _hdwinit
                                  000081fa         0   none ,l         1
  _zeroclr4
                                  00008210         0   none ,l         2
  _set_table_reference_method
                                  0000821e         0   none ,l         1
FILE=DefaultBuild\cstart.obj
                                  00008236  000082a7        72
  __cstart
                                  00008236         0   none ,g         1
  _exit
                                  000082a6         0   none ,l         2
FILE=DefaultBuild\Config_OSTM0.obj
                                  000082a8  0000832b        84
  _R_Config_OSTM0_Create
                                  000082a8        48   func ,g         1
  _R_Config_OSTM0_Start
                                  000082f0        12   func ,g         2
  _R_Config_OSTM0_Stop
                                  00008302        22   func ,g         1
  _R_Config_OSTM0_Set_CompareValue
                                  00008324         8   func ,g         0
FILE=DefaultBuild\Config_OSTM0_user.obj
                                  0000832c  000083cd        a2
  _R_Config_OSTM0_Create_UserInit
                                  0000832c         2   func ,g         1
  _r_Config_OSTM0_interrupt
                                  0000832e        a0   func ,g         1
FILE=DefaultBuild\Config_PORT.obj
                                  000083ce  00008473        a6
  _R_Config_PORT_Create
                                  000083ce        a6   func ,g         1
FILE=DefaultBuild\Config_PORT_user.obj
                                  00008474  00008475         2
  _R_Config_PORT_Create_UserInit
                                  00008474         2   func ,g         1
FILE=DefaultBuild\r_cg_cgc.obj
                                  00008476  00008955       4e0
  _R_CGC_Create
                                  00008476       4e0   func ,g         1
FILE=DefaultBuild\r_cg_cgc_user.obj
                                  00008956  00008957         2
  _R_CGC_Create_UserInit
                                  00008956         2   func ,g         1
FILE=DefaultBuild\r_cg_main.obj
                                  00008958  0000897d        26
  _main
                                  00008958        12   func ,g         1
  _r_main_userinit
                                  0000896a        14   func ,g         1
FILE=DefaultBuild\r_cg_systeminit.obj
                                  0000897e  000089a1        24
  _R_Systeminit
                                  0000897e        24   func ,g         1
FILE=DefaultBuild\r_smc_interrupt.obj
                                  000089a2  000089a3         2
  _R_Interrupt_Create
                                  000089a2         2   func ,g         0
FILE=DefaultBuild\r_smc_intprg.obj
                                  000089a4  00016971      dfce
  _snooze
                                  000089a4         6   func ,g         0
  _unused_isr
                                  000089aa         8   func ,g       166
  _eiint0
                                  000089b2        a0   func ,g         1
  _eiint1
                                  00008a52        a0   func ,g         1
  _eiint2
                                  00008af2        a0   func ,g         1
  _eiint3
                                  00008b92        a0   func ,g         1
  _eiint4
                                  00008c32        a0   func ,g         1
  _eiint5
                                  00008cd2        a0   func ,g         1
  _eiint6
                                  00008d72        a0   func ,g         1
  _eiint7
                                  00008e12        a0   func ,g         1
  _eiint8
                                  00008eb2        a0   func ,g         1
  _eiint9
                                  00008f52        a0   func ,g         1
  _eiint10
                                  00008ff2        a0   func ,g         1
  _eiint11
                                  00009092        a0   func ,g         1
  _eiint12
                                  00009132        a0   func ,g         1
  _eiint13
                                  000091d2        a0   func ,g         1
  _eiint14
                                  00009272        a0   func ,g         1
  _eiint15
                                  00009312        a0   func ,g         1
  _eiint16
                                  000093b2        a0   func ,g         1
  _eiint17
                                  00009452        a0   func ,g         1
  _eiint18
                                  000094f2        a0   func ,g         1
  _eiint19
                                  00009592        a0   func ,g         1
  _eiint20
                                  00009632        a0   func ,g         1
  _eiint21
                                  000096d2        a0   func ,g         1
  _eiint22
                                  00009772        a0   func ,g         1
  _eiint23
                                  00009812        a0   func ,g         1
  _eiint24
                                  000098b2        a0   func ,g         1
  _eiint25
                                  00009952        a0   func ,g         1
  _eiint26
                                  000099f2        a0   func ,g         1
  _eiint27
                                  00009a92        a0   func ,g         1
  _eiint28
                                  00009b32        a0   func ,g         1
  _eiint29
                                  00009bd2        a0   func ,g         0
  _eiint30
                                  00009c72        a0   func ,g         1
  _eiint31
                                  00009d12        a0   func ,g         0
  _eiint32
                                  00009db2        a0   func ,g         1
  _eiint33
                                  00009e52        a0   func ,g         1
  _eiint34
                                  00009ef2        a0   func ,g         0
  _eiint35
                                  00009f92        a0   func ,g         0
  _eiint36
                                  0000a032        a0   func ,g         0
  _eiint37
                                  0000a0d2        a0   func ,g         1
  _eiint38
                                  0000a172        a0   func ,g         1
  _eiint39
                                  0000a212        a0   func ,g         1
  _eiint40
                                  0000a2b2        a0   func ,g         1
  _eiint41
                                  0000a352        a0   func ,g         1
  _eiint42
                                  0000a3f2        a0   func ,g         1
  _eiint43
                                  0000a492        a0   func ,g         1
  _eiint44
                                  0000a532        a0   func ,g         1
  _eiint45
                                  0000a5d2        a0   func ,g         1
  _eiint46
                                  0000a672        a0   func ,g         1
  _eiint47
                                  0000a712        a0   func ,g         1
  _eiint48
                                  0000a7b2        a0   func ,g         1
  _eiint49
                                  0000a852        a0   func ,g         1
  _eiint50
                                  0000a8f2        a0   func ,g         1
  _eiint51
                                  0000a992        a0   func ,g         1
  _eiint52
                                  0000aa32        a0   func ,g         1
  _eiint53
                                  0000aad2        a0   func ,g         1
  _eiint54
                                  0000ab72        a0   func ,g         1
  _eiint55
                                  0000ac12        a0   func ,g         1
  _eiint56
                                  0000acb2        a0   func ,g         1
  _eiint57
                                  0000ad52        a0   func ,g         1
  _eiint58
                                  0000adf2        a0   func ,g         1
  _eiint59
                                  0000ae92        a0   func ,g         1
  _eiint60
                                  0000af32        a0   func ,g         1
  _eiint61
                                  0000afd2        a0   func ,g         1
  _eiint62
                                  0000b072        a0   func ,g         1
  _eiint63
                                  0000b112        a0   func ,g         1
  _eiint64
                                  0000b1b2        a0   func ,g         1
  _eiint65
                                  0000b252        a0   func ,g         1
  _eiint66
                                  0000b2f2        a0   func ,g         1
  _eiint67
                                  0000b392        a0   func ,g         1
  _eiint68
                                  0000b432        a0   func ,g         1
  _eiint69
                                  0000b4d2        a0   func ,g         1
  _eiint70
                                  0000b572        a0   func ,g         1
  _eiint71
                                  0000b612        a0   func ,g         1
  _eiint72
                                  0000b6b2        a0   func ,g         1
  _eiint73
                                  0000b752        a0   func ,g         1
  _eiint74
                                  0000b7f2        a0   func ,g         1
  _eiint75
                                  0000b892        a0   func ,g         1
  _eiint76
                                  0000b932        a0   func ,g         1
  _eiint77
                                  0000b9d2        a0   func ,g         1
  _eiint78
                                  0000ba72        a0   func ,g         1
  _eiint79
                                  0000bb12        a0   func ,g         1
  _eiint80
                                  0000bbb2        a0   func ,g         1
  _eiint81
                                  0000bc52        a0   func ,g         1
  _eiint82
                                  0000bcf2        a0   func ,g         1
  _eiint83
                                  0000bd92        a0   func ,g         0
  _eiint84
                                  0000be32        a0   func ,g         0
  _eiint85
                                  0000bed2        a0   func ,g         1
  _eiint86
                                  0000bf72        a0   func ,g         1
  _eiint87
                                  0000c012        a0   func ,g         1
  _eiint88
                                  0000c0b2        a0   func ,g         1
  _eiint89
                                  0000c152        a0   func ,g         1
  _eiint90
                                  0000c1f2        a0   func ,g         1
  _eiint91
                                  0000c292        a0   func ,g         1
  _eiint92
                                  0000c332        a0   func ,g         1
  _eiint93
                                  0000c3d2        a0   func ,g         1
  _eiint94
                                  0000c472        a0   func ,g         1
  _eiint95
                                  0000c512        a0   func ,g         1
  _eiint96
                                  0000c5b2        a0   func ,g         1
  _eiint97
                                  0000c652        a0   func ,g         1
  _eiint98
                                  0000c6f2        a0   func ,g         1
  _eiint99
                                  0000c792        a0   func ,g         1
  _eiint100
                                  0000c832        a0   func ,g         1
  _eiint101
                                  0000c8d2        a0   func ,g         1
  _eiint102
                                  0000c972        a0   func ,g         1
  _eiint103
                                  0000ca12        a0   func ,g         1
  _eiint104
                                  0000cab2        a0   func ,g         1
  _eiint105
                                  0000cb52        a0   func ,g         1
  _eiint106
                                  0000cbf2        a0   func ,g         1
  _eiint107
                                  0000cc92        a0   func ,g         1
  _eiint108
                                  0000cd32        a0   func ,g         1
  _eiint109
                                  0000cdd2        a0   func ,g         1
  _eiint110
                                  0000ce72        a0   func ,g         1
  _eiint111
                                  0000cf12        a0   func ,g         1
  _eiint112
                                  0000cfb2        a0   func ,g         1
  _eiint113
                                  0000d052        a0   func ,g         1
  _eiint114
                                  0000d0f2        a0   func ,g         1
  _eiint115
                                  0000d192        a0   func ,g         1
  _eiint116
                                  0000d232        a0   func ,g         1
  _eiint117
                                  0000d2d2        a0   func ,g         1
  _eiint118
                                  0000d372        a0   func ,g         1
  _eiint119
                                  0000d412        a0   func ,g         1
  _eiint120
                                  0000d4b2        a0   func ,g         1
  _eiint121
                                  0000d552        a0   func ,g         1
  _eiint122
                                  0000d5f2        a0   func ,g         1
  _eiint123
                                  0000d692        a0   func ,g         1
  _eiint124
                                  0000d732        a0   func ,g         1
  _eiint125
                                  0000d7d2        a0   func ,g         1
  _eiint126
                                  0000d872        a0   func ,g         1
  _eiint127
                                  0000d912        a0   func ,g         1
  _eiint128
                                  0000d9b2        a0   func ,g         0
  _eiint129
                                  0000da52        a0   func ,g         1
  _eiint130
                                  0000daf2        a0   func ,g         1
  _eiint131
                                  0000db92        a0   func ,g         1
  _eiint132
                                  0000dc32        a0   func ,g         1
  _eiint133
                                  0000dcd2        a0   func ,g         1
  _eiint134
                                  0000dd72        a0   func ,g         1
  _eiint135
                                  0000de12        a0   func ,g         1
  _eiint136
                                  0000deb2        a0   func ,g         1
  _eiint137
                                  0000df52        a0   func ,g         1
  _eiint138
                                  0000dff2        a0   func ,g         1
  _eiint139
                                  0000e092        a0   func ,g         1
  _eiint140
                                  0000e132        a0   func ,g         1
  _eiint141
                                  0000e1d2        a0   func ,g         1
  _eiint142
                                  0000e272        a0   func ,g         1
  _eiint143
                                  0000e312        a0   func ,g         1
  _eiint144
                                  0000e3b2        a0   func ,g         1
  _eiint145
                                  0000e452        a0   func ,g         1
  _eiint146
                                  0000e4f2        a0   func ,g         1
  _eiint147
                                  0000e592        a0   func ,g         1
  _eiint148
                                  0000e632        a0   func ,g         1
  _eiint149
                                  0000e6d2        a0   func ,g         1
  _eiint150
                                  0000e772        a0   func ,g         1
  _eiint151
                                  0000e812        a0   func ,g         1
  _eiint152
                                  0000e8b2        a0   func ,g         1
  _eiint153
                                  0000e952        a0   func ,g         1
  _eiint154
                                  0000e9f2        a0   func ,g         1
  _eiint155
                                  0000ea92        a0   func ,g         1
  _eiint156
                                  0000eb32        a0   func ,g         1
  _eiint157
                                  0000ebd2        a0   func ,g         1
  _eiint158
                                  0000ec72        a0   func ,g         1
  _eiint159
                                  0000ed12        a0   func ,g         1
  _eiint160
                                  0000edb2        a0   func ,g         1
  _eiint161
                                  0000ee52        a0   func ,g         1
  _eiint162
                                  0000eef2        a0   func ,g         1
  _eiint163
                                  0000ef92        a0   func ,g         1
  _eiint164
                                  0000f032        a0   func ,g         1
  _eiint165
                                  0000f0d2        a0   func ,g         1
  _eiint166
                                  0000f172        a0   func ,g         1
  _eiint167
                                  0000f212        a0   func ,g         1
  _eiint168
                                  0000f2b2        a0   func ,g         1
  _eiint169
                                  0000f352        a0   func ,g         1
  _eiint170
                                  0000f3f2        a0   func ,g         1
  _eiint171
                                  0000f492        a0   func ,g         1
  _eiint172
                                  0000f532        a0   func ,g         1
  _eiint173
                                  0000f5d2        a0   func ,g         1
  _eiint174
                                  0000f672        a0   func ,g         1
  _eiint175
                                  0000f712        a0   func ,g         1
  _eiint176
                                  0000f7b2        a0   func ,g         1
  _eiint177
                                  0000f852        a0   func ,g         1
  _eiint178
                                  0000f8f2        a0   func ,g         1
  _eiint179
                                  0000f992        a0   func ,g         1
  _eiint180
                                  0000fa32        a0   func ,g         1
  _eiint181
                                  0000fad2        a0   func ,g         1
  _eiint182
                                  0000fb72        a0   func ,g         1
  _eiint183
                                  0000fc12        a0   func ,g         1
  _eiint184
                                  0000fcb2        a0   func ,g         1
  _eiint185
                                  0000fd52        a0   func ,g         1
  _eiint186
                                  0000fdf2        a0   func ,g         1
  _eiint187
                                  0000fe92        a0   func ,g         1
  _eiint188
                                  0000ff32        a0   func ,g         1
  _eiint189
                                  0000ffd2        a0   func ,g         1
  _eiint190
                                  00010072        a0   func ,g         1
  _eiint191
                                  00010112        a0   func ,g         1
  _eiint192
                                  000101b2        a0   func ,g         1
  _eiint193
                                  00010252        a0   func ,g         1
  _eiint194
                                  000102f2        a0   func ,g         1
  _eiint195
                                  00010392        a0   func ,g         1
  _eiint196
                                  00010432        a0   func ,g         1
  _eiint197
                                  000104d2        a0   func ,g         1
  _eiint198
                                  00010572        a0   func ,g         1
  _eiint199
                                  00010612        a0   func ,g         1
  _eiint200
                                  000106b2        a0   func ,g         1
  _eiint201
                                  00010752        a0   func ,g         1
  _eiint202
                                  000107f2        a0   func ,g         1
  _eiint203
                                  00010892        a0   func ,g         1
  _eiint204
                                  00010932        a0   func ,g         1
  _eiint205
                                  000109d2        a0   func ,g         1
  _eiint206
                                  00010a72        a0   func ,g         1
  _eiint207
                                  00010b12        a0   func ,g         1
  _eiint208
                                  00010bb2        a0   func ,g         1
  _eiint209
                                  00010c52        a0   func ,g         1
  _eiint210
                                  00010cf2        a0   func ,g         1
  _eiint211
                                  00010d92        a0   func ,g         1
  _eiint212
                                  00010e32        a0   func ,g         1
  _eiint213
                                  00010ed2        a0   func ,g         1
  _eiint214
                                  00010f72        a0   func ,g         1
  _eiint215
                                  00011012        a0   func ,g         1
  _eiint216
                                  000110b2        a0   func ,g         1
  _eiint217
                                  00011152        a0   func ,g         1
  _eiint218
                                  000111f2        a0   func ,g         1
  _eiint219
                                  00011292        a0   func ,g         1
  _eiint220
                                  00011332        a0   func ,g         1
  _eiint221
                                  000113d2        a0   func ,g         1
  _eiint222
                                  00011472        a0   func ,g         1
  _eiint223
                                  00011512        a0   func ,g         1
  _eiint224
                                  000115b2        a0   func ,g         1
  _eiint225
                                  00011652        a0   func ,g         1
  _eiint226
                                  000116f2        a0   func ,g         1
  _eiint227
                                  00011792        a0   func ,g         1
  _eiint228
                                  00011832        a0   func ,g         1
  _eiint229
                                  000118d2        a0   func ,g         1
  _eiint230
                                  00011972        a0   func ,g         1
  _eiint231
                                  00011a12        a0   func ,g         1
  _eiint232
                                  00011ab2        a0   func ,g         1
  _eiint233
                                  00011b52        a0   func ,g         1
  _eiint234
                                  00011bf2        a0   func ,g         1
  _eiint235
                                  00011c92        a0   func ,g         1
  _eiint236
                                  00011d32        a0   func ,g         1
  _eiint237
                                  00011dd2        a0   func ,g         1
  _eiint238
                                  00011e72        a0   func ,g         1
  _eiint239
                                  00011f12        a0   func ,g         1
  _eiint240
                                  00011fb2        a0   func ,g         1
  _eiint241
                                  00012052        a0   func ,g         1
  _eiint242
                                  000120f2        a0   func ,g         1
  _eiint243
                                  00012192        a0   func ,g         1
  _eiint244
                                  00012232        a0   func ,g         1
  _eiint245
                                  000122d2        a0   func ,g         1
  _eiint246
                                  00012372        a0   func ,g         1
  _eiint247
                                  00012412        a0   func ,g         1
  _eiint248
                                  000124b2        a0   func ,g         1
  _eiint249
                                  00012552        a0   func ,g         1
  _eiint250
                                  000125f2        a0   func ,g         1
  _eiint251
                                  00012692        a0   func ,g         1
  _eiint252
                                  00012732        a0   func ,g         1
  _eiint253
                                  000127d2        a0   func ,g         1
  _eiint254
                                  00012872        a0   func ,g         1
  _eiint255
                                  00012912        a0   func ,g         1
  _eiint256
                                  000129b2        a0   func ,g         1
  _eiint257
                                  00012a52        a0   func ,g         1
  _eiint258
                                  00012af2        a0   func ,g         1
  _eiint259
                                  00012b92        a0   func ,g         1
  _eiint260
                                  00012c32        a0   func ,g         1
  _eiint261
                                  00012cd2        a0   func ,g         1
  _eiint262
                                  00012d72        a0   func ,g         1
  _eiint263
                                  00012e12        a0   func ,g         1
  _eiint264
                                  00012eb2        a0   func ,g         1
  _eiint265
                                  00012f52        a0   func ,g         1
  _eiint266
                                  00012ff2        a0   func ,g         1
  _eiint267
                                  00013092        a0   func ,g         1
  _eiint268
                                  00013132        a0   func ,g         1
  _eiint269
                                  000131d2        a0   func ,g         1
  _eiint270
                                  00013272        a0   func ,g         1
  _eiint271
                                  00013312        a0   func ,g         1
  _eiint272
                                  000133b2        a0   func ,g         1
  _eiint273
                                  00013452        a0   func ,g         1
  _eiint274
                                  000134f2        a0   func ,g         1
  _eiint275
                                  00013592        a0   func ,g         1
  _eiint276
                                  00013632        a0   func ,g         1
  _eiint277
                                  000136d2        a0   func ,g         1
  _eiint278
                                  00013772        a0   func ,g         1
  _eiint279
                                  00013812        a0   func ,g         1
  _eiint280
                                  000138b2        a0   func ,g         1
  _eiint281
                                  00013952        a0   func ,g         1
  _eiint282
                                  000139f2        a0   func ,g         1
  _eiint283
                                  00013a92        a0   func ,g         1
  _eiint284
                                  00013b32        a0   func ,g         1
  _eiint285
                                  00013bd2        a0   func ,g         1
  _eiint286
                                  00013c72        a0   func ,g         1
  _eiint287
                                  00013d12        a0   func ,g         1
  _eiint288
                                  00013db2        a0   func ,g         1
  _eiint289
                                  00013e52        a0   func ,g         1
  _eiint290
                                  00013ef2        a0   func ,g         1
  _eiint291
                                  00013f92        a0   func ,g         1
  _eiint292
                                  00014032        a0   func ,g         1
  _eiint293
                                  000140d2        a0   func ,g         1
  _eiint294
                                  00014172        a0   func ,g         1
  _eiint295
                                  00014212        a0   func ,g         1
  _eiint296
                                  000142b2        a0   func ,g         1
  _eiint297
                                  00014352        a0   func ,g         1
  _eiint298
                                  000143f2        a0   func ,g         1
  _eiint299
                                  00014492        a0   func ,g         1
  _eiint300
                                  00014532        a0   func ,g         1
  _eiint301
                                  000145d2        a0   func ,g         1
  _eiint302
                                  00014672        a0   func ,g         1
  _eiint303
                                  00014712        a0   func ,g         1
  _eiint304
                                  000147b2        a0   func ,g         1
  _eiint305
                                  00014852        a0   func ,g         1
  _eiint306
                                  000148f2        a0   func ,g         1
  _eiint307
                                  00014992        a0   func ,g         1
  _eiint308
                                  00014a32        a0   func ,g         1
  _eiint309
                                  00014ad2        a0   func ,g         1
  _eiint310
                                  00014b72        a0   func ,g         1
  _eiint311
                                  00014c12        a0   func ,g         1
  _eiint312
                                  00014cb2        a0   func ,g         1
  _eiint313
                                  00014d52        a0   func ,g         1
  _eiint314
                                  00014df2        a0   func ,g         1
  _eiint315
                                  00014e92        a0   func ,g         1
  _eiint316
                                  00014f32        a0   func ,g         1
  _eiint317
                                  00014fd2        a0   func ,g         1
  _eiint318
                                  00015072        a0   func ,g         1
  _eiint319
                                  00015112        a0   func ,g         1
  _eiint320
                                  000151b2        a0   func ,g         1
  _eiint321
                                  00015252        a0   func ,g         1
  _eiint322
                                  000152f2        a0   func ,g         1
  _eiint323
                                  00015392        a0   func ,g         1
  _eiint324
                                  00015432        a0   func ,g         1
  _eiint325
                                  000154d2        a0   func ,g         1
  _eiint326
                                  00015572        a0   func ,g         1
  _eiint327
                                  00015612        a0   func ,g         1
  _eiint328
                                  000156b2        a0   func ,g         1
  _eiint329
                                  00015752        a0   func ,g         1
  _eiint330
                                  000157f2        a0   func ,g         1
  _eiint331
                                  00015892        a0   func ,g         1
  _eiint332
                                  00015932        a0   func ,g         1
  _eiint333
                                  000159d2        a0   func ,g         1
  _eiint334
                                  00015a72        a0   func ,g         1
  _eiint335
                                  00015b12        a0   func ,g         1
  _eiint336
                                  00015bb2        a0   func ,g         1
  _eiint337
                                  00015c52        a0   func ,g         1
  _eiint338
                                  00015cf2        a0   func ,g         1
  _eiint339
                                  00015d92        a0   func ,g         1
  _eiint340
                                  00015e32        a0   func ,g         1
  _eiint341
                                  00015ed2        a0   func ,g         1
  _eiint342
                                  00015f72        a0   func ,g         1
  _eiint343
                                  00016012        a0   func ,g         1
  _eiint344
                                  000160b2        a0   func ,g         1
  _eiint345
                                  00016152        a0   func ,g         1
  _eiint346
                                  000161f2        a0   func ,g         1
  _eiint347
                                  00016292        a0   func ,g         1
  _eiint348
                                  00016332        a0   func ,g         1
  _eiint349
                                  000163d2        a0   func ,g         1
  _eiint350
                                  00016472        a0   func ,g         1
  _eiint351
                                  00016512        a0   func ,g         1
  _eiint352
                                  000165b2        a0   func ,g         1
  _eiint353
                                  00016652        a0   func ,g         1
  _eiint354
                                  000166f2        a0   func ,g         1
  _eiint355
                                  00016792        a0   func ,g         1
  _eiint356
                                  00016832        a0   func ,g         1
  _eiint357
                                  000168d2        a0   func ,g         1
FILE=DefaultBuild\Pin.obj
                                  00016972  00016d0b       39a
  _R_Pins_Create
                                  00016972       39a   func ,g         0
FILE=DefaultBuild\custom_func.obj
                                  00016d0c  0001746d       762
  _btn_get_tick
                                  00016d0c         a   func ,g         2
  _btn_set_tick
                                  00016d16         a   func ,g         3
  _btn_tick_counter
                                  00016d20        28   func ,g         1
  _ostmr_tick_counter
                                  00016d48        10   func ,g         1
  _ostmr_1ms_IRQ
                                  00016d58         c   func ,g         1
  _ostimer_dealyms
                                  00016d64        26   func ,g         0
  _get_tick
                                  00016d8a         a   func ,g         8
  _set_tick
                                  00016d94         a   func ,g         1
  _tick_counter
                                  00016d9e        28   func ,g         1
  _delay_ms
                                  00016dc6        34   func ,g         0
  _is_spi_rx_end
                                  00016dfa         e   func ,g         0
  _spi_rx_end
                                  00016e08        1c   func ,g         3
  _is_spi_tx_end
                                  00016e24        10   func ,g         3
  _spi_tx_end
                                  00016e34        1c   func ,g         6
  _SPI_init
                                  00016e50        16   func ,g         0
  _SPI_process
                                  00016e66       1d6   func ,g         3
  _tmr_1ms_IRQ
                                  0001703c        70   func ,g         1
  _LED_Toggle
                                  000170ac        4e   func ,g         1
  _loop
                                  000170fa        be   func ,g         1
  _Button_Process_long_counter
                                  000171b8        24   func ,g         1
  _Button_Process_in_polling
                                  000171dc        b8   func ,g         1
  _Button_Process_in_IRQ
                                  00017294        12   func ,g         1
  _UARTx_ErrorCheckProcess
                                  000172a6        48   func ,g         1
  _UARTx_Process
                                  000172ee        fe   func ,g         1
  _RH850_software_reset
                                  000173ec        2e   func ,g         1
  _RLIN3_UART_SendChar
                                  0001741a        12   func ,g         1
  _SendChar
                                  0001742c         c   func ,g         1
  _hardware_init
                                  00017438        36   func ,g         1
FILE=DefaultBuild\misc_config.obj
                                  0001746e  00017609       19c
  _compare_buffer
                                  0001746e        76   func ,g         0
  _reset_buffer
                                  000174e4        14   func ,g         0
  _copy_buffer
                                  000174f8        1c   func ,g         0
  _dump_buffer
                                  00017514        56   func ,g         0
  _dump_buffer_hex
                                  0001756a        a0   func ,g         0
FILE=DefaultBuild\Config_CSIH0.obj
                                  0001760a  00017a29       420
  _R_Config_CSIH0_Create
                                  0001760a       308   func ,g         1
  _R_Config_CSIH0_Start
                                  00017912        20   func ,g         1
  _R_Config_CSIH0_Stop
                                  00017932        56   func ,g         0
  _R_Config_CSIH0_Send_Receive
                                  00017988        a2   func ,g         3
FILE=DefaultBuild\Config_CSIH0_user.obj
                                  00017a2a  00017c81       258
  _R_Config_CSIH0_Create_UserInit
                                  00017a2a        16   func ,g         1
  _r_Config_CSIH0_interrupt_send
                                  00017a40       158   func ,g         1
  _r_Config_CSIH0_interrupt_error
                                  00017b98        cc   func ,g         1
  _r_Config_CSIH0_callback_sendend.1
                                  00017c64         e   func ,l         1
  _r_Config_CSIH0_callback_receiveend.1
                                  00017c72         e   func ,l         1
  _r_Config_CSIH0_callback_error.1
                                  00017c80         2   func ,l         2
FILE=DefaultBuild\Config_INTC.obj
                                  00017c82  00017d37        b6
  _R_Config_INTC_Create
                                  00017c82        94   func ,g         1
  _R_Config_INTC_INTP6_Start
                                  00017d16         a   func ,g         1
  _R_Config_INTC_INTP6_Stop
                                  00017d20        18   func ,g         0
FILE=DefaultBuild\Config_INTC_user.obj
                                  00017d38  00017dd9        a2
  _R_Config_INTC_Create_UserInit
                                  00017d38         2   func ,g         1
  _r_Config_INTC_intp6_interrupt
                                  00017d3a        a0   func ,g         1
FILE=DefaultBuild\Config_UART0.obj
                                  00017dda  00018069       290
  _R_Config_UART0_Create
                                  00017dda       186   func ,g         1
  _R_Config_UART0_Start
                                  00017f60        2a   func ,g         1
  _R_Config_UART0_Stop
                                  00017f8a        42   func ,g         0
  _R_Config_UART0_Receive
                                  00017fcc        36   func ,g         2
  _R_Config_UART0_Send
                                  00018002        68   func ,g         0
FILE=DefaultBuild\Config_UART0_user.obj
                                  0001806a  00018333       2ca
  _R_Config_UART0_Create_UserInit
                                  0001806a         2   func ,g         1
  _r_Config_UART0_interrupt_receive
                                  0001806c        ee   func ,g         1
  _r_Config_UART0_interrupt_error
                                  0001815a        c4   func ,g         1
  _r_Config_UART0_interrupt_send
                                  0001821e        d8   func ,g         1
  _r_Config_UART0_callback_sendend
                                  000182f6         2   func ,g         1
  _r_Config_UART0_callback_error
                                  000182f8        16   func ,g         1
  _r_Config_UART0_callback_receiveend
                                  0001830e        26   func ,g         1
FILE=DefaultBuild\retarget.obj
                                  00018334  000186c9       396
  _putchar
                                  00018334        16   func ,g        10
  _mini_print_unsigned.1
                                  0001834a        8c   func ,l         4
  _mini_print_signed.1
                                  000183d6        34   func ,l         1
  _mini_print_float.1
                                  0001840a        c4   func ,l         1
  _tiny_printf
                                  000184ce       1fc   func ,g        14
FILE=DefaultBuild\Config_TAUJ0_3.obj
                                  000186ca  000187f9       130
  _R_Config_TAUJ0_3_Create
                                  000186ca        ee   func ,g         1
  _R_Config_TAUJ0_3_Start
                                  000187b8        1a   func ,g         1
  _R_Config_TAUJ0_3_Stop
                                  000187d2        28   func ,g         0
FILE=DefaultBuild\Config_TAUJ0_3_user.obj
                                  000187fa  0001889b        a2
  _R_Config_TAUJ0_3_Create_UserInit
                                  000187fa         2   func ,g         1
  _r_Config_TAUJ0_3_interrupt
                                  000187fc        a0   func ,g         1
FILE=initsct_rh
                                  0001889c  0001894b        b0
  __INITSCT_RH
                                  0001889c         0   none ,g         1

SECTION=.data
FILE=DefaultBuild\custom_func.obj
                                  0001894c  00018a63       118

SECTION=privateData.const
FILE=DefaultBuild\custom_func.obj
                                  00018a64  00018a64         1
  _dummy_3
                                  00018a64         1   data ,g         0

SECTION=privateData.data
FILE=DefaultBuild\custom_func.obj
                                  00018a68  00018a68         1
  _dummy_2
                                  00018a68         1   data ,g         0

SECTION=.data.R
FILE=DefaultBuild\custom_func.obj
                                  fede8000  fede8117       118
  _counter_tick
                                  fede8000         2   data ,g         7
  _ostmr_tick
                                  fede8004         4   data ,g         7
  _btn_counter_tick
                                  fede8008         4   data ,g         7
  _g_u32_counter
                                  fede800c         4   data ,g         3
  _g_uart0rxbuf
                                  fede8010         1   data ,g         2
  _g_uart0rxerr
                                  fede8011         1   data ,g         6
  _t_buffer
                                  fede8012        80   data ,g         7
  _r_buffer
                                  fede8092        80   data ,g         3
  _cnt0.1.SPI_process
                                  fede8112         1   data ,l         5
  _cnt1.2.SPI_process
                                  fede8113         1   data ,l         5
  _cnt2.3.SPI_process
                                  fede8114         1   data ,l         5
  _flag_gpio.4.LED_Toggle
                                  fede8115         1   data ,l         5
  _ss_idx.5.loop
                                  fede8116         1   data ,l         6
  _cnt.6.Button_Process_in_polling
                                  fede8117         1   data ,l         6

SECTION=.bss
FILE=DefaultBuild\r_cg_cgc.obj
                                  fede8118  fede811b         4
  _g_cg_sync_read
                                  fede8118         4   data ,g        1d
FILE=DefaultBuild\custom_func.obj
                                  fede811c  fede811f         4
  _flag_PROJ_CTL
                                  fede811c         4   data ,g        48
FILE=DefaultBuild\misc_config.obj
                                  fede8120  fede8120         1
  _flag_MISC_CTL
                                  fede8120         1   data ,g         6
FILE=DefaultBuild\Config_CSIH0.obj
                                  fede8124  fede8135        12
  _g_csih0_tx_num
                                  fede8124         2   data ,g         c
  _gp_csih0_tx_address
                                  fede8128         4   data ,g         b
  _g_csih0_rx_num
                                  fede812c         2   data ,g         0
  _gp_csih0_rx_address
                                  fede8130         4   data ,g         9
  _g_csih0_total_num
                                  fede8134         2   data ,g         4
FILE=DefaultBuild\Config_UART0.obj
                                  fede8138  fede8147        10
  _gp_uart0_tx_address
                                  fede8138         4   data ,g         a
  _g_uart0_tx_count
                                  fede813c         2   data ,g         a
  _gp_uart0_rx_address
                                  fede8140         4   data ,g         8
  _g_uart0_rx_count
                                  fede8144         2   data ,g         8
  _g_uart0_rx_length
                                  fede8146         2   data ,g         6

SECTION=.stack.bss
FILE=DefaultBuild\cstart.obj
                                  fede8148  fede8347       200
  _stacktop
                                  fede8348         0   none ,l         1

SECTION=privateData.bss
FILE=DefaultBuild\custom_func.obj
                                  fede8348  fede8348         1
  _dummy_1
                                  fede8348         1   data ,g         0

Absolute value symbols
FILE=rlink_generates_01
  __gp_data
                                  00000000         0   none ,g         1
  __ep_data
                                  00000000         0   none ,g         1
FILE=rlink_generates_02
  __s.text
                                  0000819c         0   none ,g         0
  __e.text
                                  0001894c         0   none ,g         0
  __S_text
                                  0000819c         0   none ,g         0
  __E_text
                                  0001894c         0   none ,g         0
  __sRESET
                                  00000000         0   none ,g         0
  __eRESET
                                  000001f8         0   none ,g         0
  __SRESET
                                  00000000         0   none ,g         0
  __ERESET
                                  000001f8         0   none ,g         0
  __s.data
                                  0001894c         0   none ,g         1
  __e.data
                                  00018a64         0   none ,g         1
  __s.data.R
                                  fede8000         0   none ,g         1
  __e.data.R
                                  fede8118         0   none ,g         0
  __S_data
                                  0001894c         0   none ,g         0
  __E_data
                                  00018a64         0   none ,g         0
  __S_data_R
                                  fede8000         0   none ,g         0
  __E_data_R
                                  fede8118         0   none ,g         0
  __s.bss
                                  fede8118         0   none ,g         1
  __e.bss
                                  fede8148         0   none ,g         1
  __S_bss
                                  fede8118         0   none ,g         0
  __E_bss
                                  fede8148         0   none ,g         0
  __s.const
                                  00008000         0   none ,g         0
  __e.const
                                  00008186         0   none ,g         0
  __S_const
                                  00008000         0   none ,g         0
  __E_const
                                  00008186         0   none ,g         0
  __s.stack.bss
                                  fede8148         0   none ,g         0
  __e.stack.bss
                                  fede8348         0   none ,g         0
  __S_stack_bss
                                  fede8148         0   none ,g         0
  __E_stack_bss
                                  fede8348         0   none ,g         0
  __s.INIT_DSEC.const
                                  00008188         0   none ,g         1
  __e.INIT_DSEC.const
                                  00008194         0   none ,g         1
  __S_INIT_DSEC_const
                                  00008188         0   none ,g         0
  __E_INIT_DSEC_const
                                  00008194         0   none ,g         0
  __s.INIT_BSEC.const
                                  00008194         0   none ,g         1
  __e.INIT_BSEC.const
                                  0000819c         0   none ,g         1
  __S_INIT_BSEC_const
                                  00008194         0   none ,g         0
  __E_INIT_BSEC_const
                                  0000819c         0   none ,g         0
  __sEIINTTBL.const
                                  00000200         0   none ,g         1
  __eEIINTTBL.const
                                  00000798         0   none ,g         0
  __SEIINTTBL_const
                                  00000200         0   none ,g         0
  __EEIINTTBL_const
                                  00000798         0   none ,g         0
  __sprivateData.const
                                  00018a64         0   none ,g         0
  __eprivateData.const
                                  00018a65         0   none ,g         0
  __SprivateData_const
                                  00018a64         0   none ,g         0
  __EprivateData_const
                                  00018a65         0   none ,g         0
  __sprivateData.data
                                  00018a68         0   none ,g         0
  __eprivateData.data
                                  00018a69         0   none ,g         0
  __SprivateData_data
                                  00018a68         0   none ,g         0
  __EprivateData_data
                                  00018a69         0   none ,g         0
  __sprivateData.bss
                                  fede8348         0   none ,g         0
  __eprivateData.bss
                                  fede8349         0   none ,g         0
  __SprivateData_bss
                                  fede8348         0   none ,g         0
  __EprivateData_bss
                                  fede8349         0   none ,g         0

*** Unfilled Areas ***

AREA                                START    END

*** Delete Symbols ***

SYMBOL                                SIZE    INFO

*** Cross Reference List ***

No   Unit Name   Global.Symbol   Location External Infomation
---- ----------- --------------- -------- ---------------------
0001 boot
     SECTION=.text
     SECTION=RESET
0002 cstart
     SECTION=.text
                 __cstart
                                 00008236 0001(000081f6:.text)
     SECTION=.data
     SECTION=.bss
     SECTION=.const
     SECTION=.stack.bss
     SECTION=.INIT_DSEC.const
     SECTION=.INIT_BSEC.const
     SECTION=.data.R
0003 Config_OSTM0
     SECTION=.text
                 _R_Config_OSTM0_Create
                                 000082a8 0011(0000898b:.text)
                 _R_Config_OSTM0_Start
                                 000082f0 0015(00016d6b:.text)
                                          0015(00017445:.text)
                 _R_Config_OSTM0_Stop
                                 00008302 0015(00016d83:.text)
                 _R_Config_OSTM0_Set_CompareValue
                                 00008324
0004 Config_OSTM0_user
     SECTION=.text
                 _R_Config_OSTM0_Create_UserInit
                                 0000832c 0003(000082e9:.text)
                 _r_Config_OSTM0_interrupt
                                 0000832e 0009(00000350:EIINTTBL.const)
0005 Config_PORT
     SECTION=.text
                 _R_Config_PORT_Create
                                 000083ce 0011(00008983:.text)
0006 Config_PORT_user
     SECTION=.text
                 _R_Config_PORT_Create_UserInit
                                 00008474 0005(0000846d:.text)
0007 r_cg_cgc
     SECTION=.text
                 _R_CGC_Create
                                 00008476 0011(00008987:.text)
     SECTION=.bss
                 _g_cg_sync_read
                                 fede8118 0003(000082e0:.text)
                                          0003(000082e4:.text)
                                          0003(00008314:.text)
                                          0003(0000831e:.text)
                                          0005(00008464:.text)
                                          0005(00008468:.text)
                                          0007(00008946:.text)
                                          0007(0000894a:.text)
                                          0017(00017696:.text)
                                          0017(0001769a:.text)
                                          0017(0001796c:.text)
                                          0017(00017970:.text)
                                          0017(00017982:.text)
                                          0017(000179f4:.text)
                                          0017(000179f8:.text)
                                          0017(00017a1c:.text)
                                          0019(00017ca8:.text)
                                          0019(00017cb2:.text)
                                          0019(00017d2a:.text)
                                          0019(00017d32:.text)
                                          0021(00017e58:.text)
                                          0021(00017e5c:.text)
                                          0021(00017fac:.text)
                                          0021(00017fb0:.text)
                                          0021(00017fc6:.text)
                                          0024(00018750:.text)
                                          0024(00018754:.text)
                                          0024(000187f0:.text)
                                          0024(000187f4:.text)
0008 r_cg_cgc_user
     SECTION=.text
                 _R_CGC_Create_UserInit
                                 00008956 0007(0000894f:.text)
0009 r_cg_intvector
     SECTION=EIINTTBL.const
                 _INT_Vectors
                                 00000200
0010 r_cg_main
     SECTION=.text
                 _main
                                 00008958 0002(0000829a:.text)
                 _r_main_userinit
                                 0000896a 0010(0000895d:.text)
0011 r_cg_systeminit
     SECTION=.text
                 _R_Systeminit
                                 0000897e 0010(00008973:.text)
0012 r_smc_interrupt
     SECTION=.text
                 _R_Interrupt_Create
                                 000089a2
0013 r_smc_intprg
     SECTION=.text
                 _snooze
                                 000089a4
                 _unused_isr
                                 000089aa 0013(000089ff:.text)
                                          0013(00008a9f:.text)
                                          0013(00008b3f:.text)
                                          0013(00008bdf:.text)
                                          0013(00008c7f:.text)
                                          0013(00008d1f:.text)
                                          0013(00008dbf:.text)
                                          0013(00008e5f:.text)
                                          0013(00008eff:.text)
                                          0013(00008f9f:.text)
                                          0013(0000903f:.text)
                                          0013(000090df:.text)
                                          0013(0000917f:.text)
                                          0013(0000921f:.text)
                                          0013(000092bf:.text)
                                          0013(0000935f:.text)
                                          0013(000093ff:.text)
                                          0013(0000949f:.text)
                                          0013(0000953f:.text)
                                          0013(000095df:.text)
                                          0013(0000967f:.text)
                                          0013(0000971f:.text)
                                          0013(000097bf:.text)
                                          0013(0000985f:.text)
                                          0013(000098ff:.text)
                                          0013(0000999f:.text)
                                          0013(00009a3f:.text)
                                          0013(00009adf:.text)
                                          0013(00009b7f:.text)
                                          0013(00009c1f:.text)
                                          0013(00009cbf:.text)
                                          0013(00009d5f:.text)
                                          0013(00009dff:.text)
                                          0013(00009e9f:.text)
                                          0013(00009f3f:.text)
                                          0013(00009fdf:.text)
                                          0013(0000a07f:.text)
                                          0013(0000a11f:.text)
                                          0013(0000a1bf:.text)
                                          0013(0000a25f:.text)
                                          0013(0000a2ff:.text)
                                          0013(0000a39f:.text)
                                          0013(0000a43f:.text)
                                          0013(0000a4df:.text)
                                          0013(0000a57f:.text)
                                          0013(0000a61f:.text)
                                          0013(0000a6bf:.text)
                                          0013(0000a75f:.text)
                                          0013(0000a7ff:.text)
                                          0013(0000a89f:.text)
                                          0013(0000a93f:.text)
                                          0013(0000a9df:.text)
                                          0013(0000aa7f:.text)
                                          0013(0000ab1f:.text)
                                          0013(0000abbf:.text)
                                          0013(0000ac5f:.text)
                                          0013(0000acff:.text)
                                          0013(0000ad9f:.text)
                                          0013(0000ae3f:.text)
                                          0013(0000aedf:.text)
                                          0013(0000af7f:.text)
                                          0013(0000b01f:.text)
                                          0013(0000b0bf:.text)
                                          0013(0000b15f:.text)
                                          0013(0000b1ff:.text)
                                          0013(0000b29f:.text)
                                          0013(0000b33f:.text)
                                          0013(0000b3df:.text)
                                          0013(0000b47f:.text)
                                          0013(0000b51f:.text)
                                          0013(0000b5bf:.text)
                                          0013(0000b65f:.text)
                                          0013(0000b6ff:.text)
                                          0013(0000b79f:.text)
                                          0013(0000b83f:.text)
                                          0013(0000b8df:.text)
                                          0013(0000b97f:.text)
                                          0013(0000ba1f:.text)
                                          0013(0000babf:.text)
                                          0013(0000bb5f:.text)
                                          0013(0000bbff:.text)
                                          0013(0000bc9f:.text)
                                          0013(0000bd3f:.text)
                                          0013(0000bddf:.text)
                                          0013(0000be7f:.text)
                                          0013(0000bf1f:.text)
                                          0013(0000bfbf:.text)
                                          0013(0000c05f:.text)
                                          0013(0000c0ff:.text)
                                          0013(0000c19f:.text)
                                          0013(0000c23f:.text)
                                          0013(0000c2df:.text)
                                          0013(0000c37f:.text)
                                          0013(0000c41f:.text)
                                          0013(0000c4bf:.text)
                                          0013(0000c55f:.text)
                                          0013(0000c5ff:.text)
                                          0013(0000c69f:.text)
                                          0013(0000c73f:.text)
                                          0013(0000c7df:.text)
                                          0013(0000c87f:.text)
                                          0013(0000c91f:.text)
                                          0013(0000c9bf:.text)
                                          0013(0000ca5f:.text)
                                          0013(0000caff:.text)
                                          0013(0000cb9f:.text)
                                          0013(0000cc3f:.text)
                                          0013(0000ccdf:.text)
                                          0013(0000cd7f:.text)
                                          0013(0000ce1f:.text)
                                          0013(0000cebf:.text)
                                          0013(0000cf5f:.text)
                                          0013(0000cfff:.text)
                                          0013(0000d09f:.text)
                                          0013(0000d13f:.text)
                                          0013(0000d1df:.text)
                                          0013(0000d27f:.text)
                                          0013(0000d31f:.text)
                                          0013(0000d3bf:.text)
                                          0013(0000d45f:.text)
                                          0013(0000d4ff:.text)
                                          0013(0000d59f:.text)
                                          0013(0000d63f:.text)
                                          0013(0000d6df:.text)
                                          0013(0000d77f:.text)
                                          0013(0000d81f:.text)
                                          0013(0000d8bf:.text)
                                          0013(0000d95f:.text)
                                          0013(0000d9ff:.text)
                                          0013(0000da9f:.text)
                                          0013(0000db3f:.text)
                                          0013(0000dbdf:.text)
                                          0013(0000dc7f:.text)
                                          0013(0000dd1f:.text)
                                          0013(0000ddbf:.text)
                                          0013(0000de5f:.text)
                                          0013(0000deff:.text)
                                          0013(0000df9f:.text)
                                          0013(0000e03f:.text)
                                          0013(0000e0df:.text)
                                          0013(0000e17f:.text)
                                          0013(0000e21f:.text)
                                          0013(0000e2bf:.text)
                                          0013(0000e35f:.text)
                                          0013(0000e3ff:.text)
                                          0013(0000e49f:.text)
                                          0013(0000e53f:.text)
                                          0013(0000e5df:.text)
                                          0013(0000e67f:.text)
                                          0013(0000e71f:.text)
                                          0013(0000e7bf:.text)
                                          0013(0000e85f:.text)
                                          0013(0000e8ff:.text)
                                          0013(0000e99f:.text)
                                          0013(0000ea3f:.text)
                                          0013(0000eadf:.text)
                                          0013(0000eb7f:.text)
                                          0013(0000ec1f:.text)
                                          0013(0000ecbf:.text)
                                          0013(0000ed5f:.text)
                                          0013(0000edff:.text)
                                          0013(0000ee9f:.text)
                                          0013(0000ef3f:.text)
                                          0013(0000efdf:.text)
                                          0013(0000f07f:.text)
                                          0013(0000f11f:.text)
                                          0013(0000f1bf:.text)
                                          0013(0000f25f:.text)
                                          0013(0000f2ff:.text)
                                          0013(0000f39f:.text)
                                          0013(0000f43f:.text)
                                          0013(0000f4df:.text)
                                          0013(0000f57f:.text)
                                          0013(0000f61f:.text)
                                          0013(0000f6bf:.text)
                                          0013(0000f75f:.text)
                                          0013(0000f7ff:.text)
                                          0013(0000f89f:.text)
                                          0013(0000f93f:.text)
                                          0013(0000f9df:.text)
                                          0013(0000fa7f:.text)
                                          0013(0000fb1f:.text)
                                          0013(0000fbbf:.text)
                                          0013(0000fc5f:.text)
                                          0013(0000fcff:.text)
                                          0013(0000fd9f:.text)
                                          0013(0000fe3f:.text)
                                          0013(0000fedf:.text)
                                          0013(0000ff7f:.text)
                                          0013(0001001f:.text)
                                          0013(000100bf:.text)
                                          0013(0001015f:.text)
                                          0013(000101ff:.text)
                                          0013(0001029f:.text)
                                          0013(0001033f:.text)
                                          0013(000103df:.text)
                                          0013(0001047f:.text)
                                          0013(0001051f:.text)
                                          0013(000105bf:.text)
                                          0013(0001065f:.text)
                                          0013(000106ff:.text)
                                          0013(0001079f:.text)
                                          0013(0001083f:.text)
                                          0013(000108df:.text)
                                          0013(0001097f:.text)
                                          0013(00010a1f:.text)
                                          0013(00010abf:.text)
                                          0013(00010b5f:.text)
                                          0013(00010bff:.text)
                                          0013(00010c9f:.text)
                                          0013(00010d3f:.text)
                                          0013(00010ddf:.text)
                                          0013(00010e7f:.text)
                                          0013(00010f1f:.text)
                                          0013(00010fbf:.text)
                                          0013(0001105f:.text)
                                          0013(000110ff:.text)
                                          0013(0001119f:.text)
                                          0013(0001123f:.text)
                                          0013(000112df:.text)
                                          0013(0001137f:.text)
                                          0013(0001141f:.text)
                                          0013(000114bf:.text)
                                          0013(0001155f:.text)
                                          0013(000115ff:.text)
                                          0013(0001169f:.text)
                                          0013(0001173f:.text)
                                          0013(000117df:.text)
                                          0013(0001187f:.text)
                                          0013(0001191f:.text)
                                          0013(000119bf:.text)
                                          0013(00011a5f:.text)
                                          0013(00011aff:.text)
                                          0013(00011b9f:.text)
                                          0013(00011c3f:.text)
                                          0013(00011cdf:.text)
                                          0013(00011d7f:.text)
                                          0013(00011e1f:.text)
                                          0013(00011ebf:.text)
                                          0013(00011f5f:.text)
                                          0013(00011fff:.text)
                                          0013(0001209f:.text)
                                          0013(0001213f:.text)
                                          0013(000121df:.text)
                                          0013(0001227f:.text)
                                          0013(0001231f:.text)
                                          0013(000123bf:.text)
                                          0013(0001245f:.text)
                                          0013(000124ff:.text)
                                          0013(0001259f:.text)
                                          0013(0001263f:.text)
                                          0013(000126df:.text)
                                          0013(0001277f:.text)
                                          0013(0001281f:.text)
                                          0013(000128bf:.text)
                                          0013(0001295f:.text)
                                          0013(000129ff:.text)
                                          0013(00012a9f:.text)
                                          0013(00012b3f:.text)
                                          0013(00012bdf:.text)
                                          0013(00012c7f:.text)
                                          0013(00012d1f:.text)
                                          0013(00012dbf:.text)
                                          0013(00012e5f:.text)
                                          0013(00012eff:.text)
                                          0013(00012f9f:.text)
                                          0013(0001303f:.text)
                                          0013(000130df:.text)
                                          0013(0001317f:.text)
                                          0013(0001321f:.text)
                                          0013(000132bf:.text)
                                          0013(0001335f:.text)
                                          0013(000133ff:.text)
                                          0013(0001349f:.text)
                                          0013(0001353f:.text)
                                          0013(000135df:.text)
                                          0013(0001367f:.text)
                                          0013(0001371f:.text)
                                          0013(000137bf:.text)
                                          0013(0001385f:.text)
                                          0013(000138ff:.text)
                                          0013(0001399f:.text)
                                          0013(00013a3f:.text)
                                          0013(00013adf:.text)
                                          0013(00013b7f:.text)
                                          0013(00013c1f:.text)
                                          0013(00013cbf:.text)
                                          0013(00013d5f:.text)
                                          0013(00013dff:.text)
                                          0013(00013e9f:.text)
                                          0013(00013f3f:.text)
                                          0013(00013fdf:.text)
                                          0013(0001407f:.text)
                                          0013(0001411f:.text)
                                          0013(000141bf:.text)
                                          0013(0001425f:.text)
                                          0013(000142ff:.text)
                                          0013(0001439f:.text)
                                          0013(0001443f:.text)
                                          0013(000144df:.text)
                                          0013(0001457f:.text)
                                          0013(0001461f:.text)
                                          0013(000146bf:.text)
                                          0013(0001475f:.text)
                                          0013(000147ff:.text)
                                          0013(0001489f:.text)
                                          0013(0001493f:.text)
                                          0013(000149df:.text)
                                          0013(00014a7f:.text)
                                          0013(00014b1f:.text)
                                          0013(00014bbf:.text)
                                          0013(00014c5f:.text)
                                          0013(00014cff:.text)
                                          0013(00014d9f:.text)
                                          0013(00014e3f:.text)
                                          0013(00014edf:.text)
                                          0013(00014f7f:.text)
                                          0013(0001501f:.text)
                                          0013(000150bf:.text)
                                          0013(0001515f:.text)
                                          0013(000151ff:.text)
                                          0013(0001529f:.text)
                                          0013(0001533f:.text)
                                          0013(000153df:.text)
                                          0013(0001547f:.text)
                                          0013(0001551f:.text)
                                          0013(000155bf:.text)
[...]
                                          0015(00017112:.text)
                                          0015(00017116:.text)
                                          0015(0001711e:.text)
                                          0015(00017134:.text)
                                          0015(00017138:.text)
                                          0015(00017142:.text)
                                          0015(00017146:.text)
                                          0015(0001714e:.text)
                                          0015(00017198:.text)
                                          0015(0001719c:.text)
                                          0015(000171a6:.text)
                                          0015(000171aa:.text)
                                          0015(000171b2:.text)
                                          0015(000171be:.text)
                                          0015(000171c2:.text)
                                          0015(000171e2:.text)
                                          0015(000171e6:.text)
                                          0015(000171f0:.text)
                                          0015(000171f4:.text)
                                          0015(000171fe:.text)
                                          0015(0001721c:.text)
                                          0015(00017220:.text)
                                          0015(0001722e:.text)
                                          0015(00017232:.text)
                                          0015(0001723c:.text)
                                          0015(00017256:.text)
                                          0015(0001725a:.text)
                                          0015(00017280:.text)
                                          0015(00017284:.text)
                                          0015(0001728e:.text)
                                          0015(00017296:.text)
                                          0015(0001729a:.text)
                                          0015(000172a2:.text)
                                          0015(00017336:.text)
                                          0015(0001733a:.text)
                                          0015(00017342:.text)
                                          0015(0001735c:.text)
                                          0015(00017360:.text)
                                          0015(00017368:.text)
                                          0015(0001739e:.text)
                                          0015(000173a2:.text)
                                          0015(000173aa:.text)
                                          0015(000173b2:.text)
                                          0015(000173b6:.text)
                                          0015(000173be:.text)
                                          0015(000173c6:.text)
                                          0015(000173ca:.text)
                                          0015(000173d2:.text)
                                          0015(000173da:.text)
                                          0015(000173de:.text)
                                          0015(000173e6:.text)
     SECTION=privateData.bss
                 _dummy_1
                                 fede8348
     SECTION=.data
     SECTION=.const
0016 misc_config
     SECTION=.text
                 _compare_buffer
                                 0001746e
                 _reset_buffer
                                 000174e4
                 _copy_buffer
                                 000174f8
                 _dump_buffer
                                 00017514
                 _dump_buffer_hex
                                 0001756a
     SECTION=.bss
                 _flag_MISC_CTL
                                 fede8120 0016(000174aa:.text)
                                          0016(000174ae:.text)
                                          0016(000174bc:.text)
                                          0016(000174c0:.text)
                                          0016(000174da:.text)
                                          0016(000174de:.text)
     SECTION=.const
0017 Config_CSIH0
     SECTION=.text
                 _R_Config_CSIH0_Create
                                 0001760a 0011(0000899b:.text)
                 _R_Config_CSIH0_Start
                                 00017912 0015(0001745d:.text)
                 _R_Config_CSIH0_Stop
                                 00017932
                 _R_Config_CSIH0_Send_Receive
                                 00017988 0015(00016eeb:.text)
                                          0015(00016f65:.text)
                                          0015(00017001:.text)
     SECTION=.bss
                 _g_csih0_tx_num
                                 fede8124 0017(000179ae:.text)
                                          0017(000179b2:.text)
                                          0017(00017a04:.text)
                                          0017(00017a08:.text)
                                          0017(00017a0e:.text)
                                          0018(00017aea:.text)
                                          0018(00017aee:.text)
                                          0018(00017b28:.text)
                                          0018(00017b2c:.text)
                                          0018(00017b32:.text)
                                          0018(00017b36:.text)
                                          0018(00017b3a:.text)
                 _gp_csih0_tx_address
                                 fede8128 0017(0001799e:.text)
                                          0017(000179a2:.text)
                                          0017(000179c6:.text)
                                          0017(000179d2:.text)
                                          0017(000179d6:.text)
                                          0017(000179dc:.text)
                                          0018(00017af6:.text)
                                          0018(00017afa:.text)
                                          0018(00017b0e:.text)
                                          0018(00017b12:.text)
                                          0018(00017b18:.text)
                 _g_csih0_rx_num
                                 fede812c
                 _gp_csih0_rx_address
                                 fede8130 0017(000179b6:.text)
                                          0017(000179ba:.text)
                                          0018(00017ab2:.text)
                                          0018(00017ab6:.text)
                                          0018(00017aca:.text)
                                          0018(00017ace:.text)
                                          0018(00017ad4:.text)
                                          0018(00017bfa:.text)
                                          0018(00017bfe:.text)
                 _g_csih0_total_num
                                 fede8134 0017(000179a6:.text)
                                          0017(000179aa:.text)
                                          0018(00017ae2:.text)
                                          0018(00017ae6:.text)
0018 Config_CSIH0_user
     SECTION=.text
                 _R_Config_CSIH0_Create_UserInit
                                 00017a2a 0017(0001790b:.text)
                 _r_Config_CSIH0_interrupt_send
                                 00017a40 0009(00000274:EIINTTBL.const)
                 _r_Config_CSIH0_interrupt_error
                                 00017b98 0009(0000027c:EIINTTBL.const)
0019 Config_INTC
     SECTION=.text
                 _R_Config_INTC_Create
                                 00017c82 0011(0000898f:.text)
                 _R_Config_INTC_INTP6_Start
                                 00017d16 0015(00017459:.text)
                 _R_Config_INTC_INTP6_Stop
                                 00017d20
0020 Config_INTC_user
     SECTION=.text
                 _R_Config_INTC_Create_UserInit
                                 00017d38 0019(00017d0f:.text)
                 _r_Config_INTC_intp6_interrupt
                                 00017d3a 0009(00000400:EIINTTBL.const)
0021 Config_UART0
     SECTION=.text
                 _R_Config_UART0_Create
                                 00017dda 0011(00008993:.text)
                 _R_Config_UART0_Start
                                 00017f60 0015(00017455:.text)
                 _R_Config_UART0_Stop
                                 00017f8a
                 _R_Config_UART0_Receive
                                 00017fcc 0015(00017451:.text)
                                          0022(0001832d:.text)
                 _R_Config_UART0_Send
                                 00018002
     SECTION=.bss
                 _gp_uart0_tx_address
                                 fede8138 0021(0001800e:.text)
                                          0021(00018012:.text)
                                          0021(00018036:.text)
                                          0021(0001803a:.text)
                                          0021(00018048:.text)
                                          0021(0001804e:.text)
                                          0022(00018278:.text)
                                          0022(0001827c:.text)
                                          0022(0001828a:.text)
                                          0022(00018290:.text)
                 _g_uart0_tx_count
                                 fede813c 0021(00018016:.text)
                                          0021(0001801a:.text)
                                          0021(00018052:.text)
                                          0021(00018056:.text)
                                          0021(0001805c:.text)
                                          0022(0001826c:.text)
                                          0022(00018270:.text)
                                          0022(00018294:.text)
                                          0022(00018298:.text)
                                          0022(0001829e:.text)
                 _gp_uart0_rx_address
                                 fede8140 0021(00017ff8:.text)
                                          0021(00017ffc:.text)
                                          0022(000180d4:.text)
                                          0022(000180d8:.text)
                                          0022(000180e0:.text)
                                          0022(000180e6:.text)
                                          0022(000181a8:.text)
                                          0022(000181ac:.text)
                 _g_uart0_rx_count
                                 fede8144 0021(00017fe8:.text)
                                          0021(00017fec:.text)
                                          0022(000180ba:.text)
                                          0022(000180c4:.text)
                                          0022(000180ea:.text)
                                          0022(000180ee:.text)
                                          0022(000180f4:.text)
                                          0022(000180f8:.text)
                 _g_uart0_rx_length
                                 fede8146 0021(00017ff0:.text)
                                          0021(00017ff4:.text)
                                          0022(000180c8:.text)
                                          0022(000180cc:.text)
                                          0022(000180fc:.text)
                                          0022(00018100:.text)
0022 Config_UART0_user
     SECTION=.text
                 _R_Config_UART0_Create_UserInit
                                 0001806a 0021(00017f59:.text)
                 _r_Config_UART0_interrupt_receive
                                 0001806c 0009(0000028c:EIINTTBL.const)
                 _r_Config_UART0_interrupt_error
                                 0001815a 0009(00000290:EIINTTBL.const)
                 _r_Config_UART0_interrupt_send
                                 0001821e 0009(00000288:EIINTTBL.const)
                 _r_Config_UART0_callback_sendend
                                 000182f6 0022(000182a3:.text)
                 _r_Config_UART0_callback_error
                                 000182f8 0022(000181cb:.text)
                 _r_Config_UART0_callback_receiveend
                                 0001830e 0022(00018107:.text)
0023 retarget
     SECTION=.text
                 _putchar
                                 00018334 0023(00018395:.text)
                                          0023(000183ad:.text)
                                          0023(000183c5:.text)
                                          0023(000183eb:.text)
                                          0023(00018427:.text)
                                          0023(00018469:.text)
                                          0023(0001848f:.text)
                                          0023(0001849b:.text)
                                          0023(000184bd:.text)
                                          0023(00018623:.text)
                                          0023(00018645:.text)
                                          0023(00018655:.text)
                                          0023(0001866d:.text)
                                          0023(0001869d:.text)
                                          0023(000186a7:.text)
                                          0023(000186ad:.text)
                 _tiny_printf
                                 000184ce 0015(0001720f:.text)
                                          0015(00017275:.text)
                                          0015(000172df:.text)
                                          0015(00017307:.text)
                                          0015(00017319:.text)
                                          0015(00017467:.text)
                                          0016(000174a5:.text)
                                          0016(000174cb:.text)
                                          0016(000174d5:.text)
                                          0016(00017523:.text)
                                          0016(0001753d:.text)
                                          0016(0001754f:.text)
                                          0016(00017563:.text)
                                          0016(0001757f:.text)
                                          0016(00017597:.text)
                                          0016(000175a7:.text)
                                          0016(000175d3:.text)
                                          0016(000175df:.text)
                                          0016(000175f1:.text)
                                          0016(00017603:.text)
     SECTION=.const
0024 Config_TAUJ0_3
     SECTION=.text
                 _R_Config_TAUJ0_3_Create
                                 000186ca 0011(00008997:.text)
                 _R_Config_TAUJ0_3_Start
                                 000187b8 0015(00017441:.text)
                 _R_Config_TAUJ0_3_Stop
                                 000187d2
0025 Config_TAUJ0_3_user
     SECTION=.text
                 _R_Config_TAUJ0_3_Create_UserInit
                                 000187fa 0024(000187b1:.text)
                 _r_Config_TAUJ0_3_interrupt
                                 000187fc 0009(0000034c:EIINTTBL.const)
0026 initsct_rh
     SECTION=.text
                 __INITSCT_RH
                                 0001889c 0002(00008262:.text)
0027 rlink_generates_01
     SECTION=
                 __gp_data
                                 00000000 0002(0000823e:.text)
                 __ep_data
                                 00000000 0002(00008244:.text)
0028 rlink_generates_02
     SECTION=
                 __sRESET
                                 00000000
                 __SRESET
                                 00000000
                 __eRESET
                                 000001f8
                 __ERESET
                                 000001f8
                 __sEIINTTBL.const
                                 00000200 0001(000081ec:.text)
                 __SEIINTTBL_const
                                 00000200
                 __eEIINTTBL.const
                                 00000798
                 __EEIINTTBL_const
                                 00000798
                 __s.const
                                 00008000
                 __S_const
                                 00008000
                 __e.const
                                 00008186
                 __E_const
                                 00008186
                 __s.INIT_DSEC.const
                                 00008188 0002(0000824a:.text)
                 __S_INIT_DSEC_const
                                 00008188
                 __e.INIT_DSEC.const
                                 00008194 0002(00008250:.text)
                 __E_INIT_DSEC_const
                                 00008194
                 __s.INIT_BSEC.const
                                 00008194 0002(00008256:.text)
                 __S_INIT_BSEC_const
                                 00008194
                 __s.text
                                 0000819c
                 __S_text
                                 0000819c
                 __e.INIT_BSEC.const
                                 0000819c 0002(0000825c:.text)
                 __E_INIT_BSEC_const
                                 0000819c
                 __e.text
                                 0001894c
                 __E_text
                                 0001894c
                 __s.data
                                 0001894c 0002(00008188:.INIT_DSEC.const)
                 __S_data
                                 0001894c
                 __e.data
                                 00018a64 0002(0000818c:.INIT_DSEC.const)
                 __E_data
                                 00018a64
                 __sprivateData.const
                                 00018a64
                 __SprivateData_const
                                 00018a64
                 __eprivateData.const
                                 00018a65
                 __EprivateData_const
                                 00018a65
                 __sprivateData.data
                                 00018a68
                 __SprivateData_data
                                 00018a68
                 __eprivateData.data
                                 00018a69
                 __EprivateData_data
                                 00018a69
                 __s.data.R
                                 fede8000 0002(00008190:.INIT_DSEC.const)
                 __S_data_R
                                 fede8000
                 __e.data.R
                                 fede8118
                 __E_data_R
                                 fede8118
                 __s.bss
                                 fede8118 0002(00008194:.INIT_BSEC.const)
                 __S_bss
                                 fede8118
                 __e.bss
                                 fede8148 0002(00008198:.INIT_BSEC.const)
                 __E_bss
                                 fede8148
                 __s.stack.bss
                                 fede8148
                 __S_stack_bss
                                 fede8148
                 __e.stack.bss
                                 fede8348
                 __E_stack_bss
                                 fede8348
                 __sprivateData.bss
                                 fede8348
                 __SprivateData_bss
                                 fede8348
                 __eprivateData.bss
                                 fede8349
                 __EprivateData_bss
                                 fede8349
